INFO 10-20 22:03:32 [__init__.py:225] Automatically detected platform cuda.
Namespace(subparser='bench', bench_type='serve', dispatch_function=<function BenchmarkServingSubcommand.cmd at 0x744cb6296200>, seed=0, num_prompts=256, dataset_name='random', no_stream=False, dataset_path=None, no_oversample=False, skip_chat_template=False, disable_shuffle=False, custom_output_len=256, spec_bench_output_len=256, spec_bench_category=None, sonnet_input_len=550, sonnet_output_len=150, sonnet_prefix_len=200, sharegpt_output_len=None, blazedit_min_distance=0.0, blazedit_max_distance=1.0, random_input_len=1024, random_output_len=2048, random_range_ratio=0.0, random_prefix_len=0, random_batch_size=1, no_reranker=False, random_mm_base_items_per_request=1, random_mm_num_mm_items_range_ratio=0.0, random_mm_limit_mm_per_prompt={'image': 255, 'video': 0}, random_mm_bucket_config={(256, 256, 1): 0.5, (720, 1280, 1): 0.5, (720, 1280, 16): 0.0}, hf_subset=None, hf_split=None, hf_name=None, hf_output_len=None, prefix_repetition_prefix_len=256, prefix_repetition_suffix_len=256, prefix_repetition_num_prefixes=10, prefix_repetition_output_len=128, label=None, backend='openai', base_url=None, host='127.0.0.1', port=8000, endpoint='/v1/completions', header=None, max_concurrency=16, model='meta-llama/Meta-Llama-3-70B-Instruct', tokenizer='meta-llama/Meta-Llama-3-70B-Instruct', use_beam_search=False, logprobs=None, request_rate=inf, burstiness=1.0, trust_remote_code=False, disable_tqdm=False, num_warmups=0, profile=False, save_result=True, save_detailed=True, append_result=False, metadata=None, result_dir='benchmark_logs_20251020_213525', result_filename='benchmark_tp2_dp4_concurrency4.json', ignore_eos=False, percentile_metrics=None, metric_percentiles='99', goodput=None, request_id_prefix='benchmark-serving', top_p=None, top_k=None, min_p=None, temperature=None, frequency_penalty=None, presence_penalty=None, repetition_penalty=None, tokenizer_mode='auto', served_model_name=None, lora_modules=None, ramp_up_strategy=None, ramp_up_start_rps=None, ramp_up_end_rps=None, ready_check_timeout_sec=600, extra_body=None)
INFO 10-20 22:03:37 [datasets.py:603] Sampling input_len from [1023, 1023] and output_len from [2048, 2048]
Starting initial single prompt test run...
Waiting for endpoint to become up in 600 seconds
 |          | 00:00 elapsed, ? remaining |          | 00:00 elapsed, 00:10 remaining |          | 00:05 elapsed, 09:54 remaining |          | 00:05 elapsed, 09:54 remaining |▏         | 00:10 elapsed, 09:49 remaining |▏         | 00:10 elapsed, 09:49 remaining |▎         | 00:15 elapsed, 09:44 remaining |▎         | 00:15 elapsed, 09:44 remaining |▎         | 00:20 elapsed, 09:39 remaining |▎         | 00:20 elapsed, 09:39 remaining |▍         | 00:25 elapsed, 09:34 remaining |▍         | 00:25 elapsed, 09:34 remaining |▌         | 00:30 elapsed, 09:29 remaining |▌         | 00:30 elapsed, 09:29 remaining |▌         | 00:35 elapsed, 09:24 remaining |▌         | 00:35 elapsed, 09:24 remaining |▋         | 00:40 elapsed, 09:19 remaining |▋         | 00:40 elapsed, 09:19 remaining |▊         | 00:45 elapsed, 09:14 remaining |▊         | 00:45 elapsed, 09:14 remaining |▊         | 00:50 elapsed, 09:09 remaining |▊         | 00:50 elapsed, 09:09 remaining |▉         | 00:55 elapsed, 09:04 remaining |▉         | 00:55 elapsed, 09:04 remaining |█         | 01:00 elapsed, 08:59 remaining |█         | 01:00 elapsed, 08:59 remaining |█         | 01:05 elapsed, 08:54 remaining |█         | 01:05 elapsed, 08:54 remaining |█▏        | 01:10 elapsed, 08:49 remaining |█▏        | 01:10 elapsed, 08:49 remaining |█▎        | 01:15 elapsed, 08:44 remaining |█▎        | 01:15 elapsed, 08:44 remaining |█▎        | 01:20 elapsed, 08:39 remaining |█▎        | 01:20 elapsed, 08:39 remaining |█▍        | 01:25 elapsed, 08:34 remaining |█▍        | 01:25 elapsed, 08:34 remaining |█▌        | 01:30 elapsed, 08:29 remaining |█▌        | 01:30 elapsed, 08:29 remaining |█▌        | 01:35 elapsed, 08:24 remaining |█▌        | 01:35 elapsed, 08:24 remaining |█▋        | 01:40 elapsed, 08:19 remaining |█▋        | 01:40 elapsed, 08:19 remaining |█▊        | 01:45 elapsed, 08:14 remaining |█▊        | 01:45 elapsed, 08:14 remaining |█▊        | 01:50 elapsed, 08:09 remaining |█▊        | 01:50 elapsed, 08:09 remaining |█▉        | 01:55 elapsed, 08:04 remaining |█▉        | 01:55 elapsed, 08:04 remaining |██        | 02:00 elapsed, 07:59 remaining |██        | 02:00 elapsed, 07:59 remaining |██        | 02:05 elapsed, 07:54 remaining |██        | 02:05 elapsed, 07:54 remaining |██▏       | 02:10 elapsed, 07:49 remaining |██▏       | 02:10 elapsed, 07:49 remaining |██▎       | 02:15 elapsed, 07:44 remaining |██▎       | 02:15 elapsed, 07:44 remaining |██▎       | 02:20 elapsed, 07:39 remaining |██▎       | 02:20 elapsed, 07:39 remaining |██▍       | 02:25 elapsed, 07:34 remaining |██▍       | 02:25 elapsed, 07:34 remaining |██▌       | 02:30 elapsed, 07:29 remaining |██▌       | 02:30 elapsed, 07:29 remaining |██▌       | 02:35 elapsed, 07:24 remaining |██▌       | 02:35 elapsed, 07:24 remaining |██▋       | 02:40 elapsed, 07:19 remaining |██▋       | 02:40 elapsed, 07:19 remaining |██▊       | 02:45 elapsed, 07:14 remaining |██▊       | 02:45 elapsed, 07:14 remaining |██▊       | 02:50 elapsed, 07:09 remaining |██▊       | 02:50 elapsed, 07:09 remaining |██▉       | 02:55 elapsed, 07:04 remaining |██▉       | 02:55 elapsed, 07:04 remaining |███       | 03:00 elapsed, 06:59 remaining |███       | 03:00 elapsed, 06:59 remaining |███       | 03:05 elapsed, 06:54 remaining |███       | 03:05 elapsed, 06:54 remaining |███▏      | 03:10 elapsed, 06:49 remaining |███▏      | 03:10 elapsed, 06:49 remaining |███▎      | 03:15 elapsed, 06:44 remaining |███▎      | 03:15 elapsed, 06:44 remaining |███▎      | 03:20 elapsed, 06:39 remaining |███▎      | 03:20 elapsed, 06:39 remaining |███▍      | 03:25 elapsed, 06:34 remaining |███▍      | 03:25 elapsed, 06:34 remaining |███▌      | 03:30 elapsed, 06:29 remaining |███▌      | 03:30 elapsed, 06:29 remaining |███▌      | 03:35 elapsed, 06:24 remaining |███▌      | 03:35 elapsed, 06:24 remaining |███▋      | 03:40 elapsed, 06:19 remaining |███▋      | 03:40 elapsed, 06:19 remaining |███▊      | 03:45 elapsed, 06:14 remaining |███▊      | 03:45 elapsed, 06:14 remaining |███▊      | 03:50 elapsed, 06:09 remaining |███▊      | 03:50 elapsed, 06:09 remaining |███▉      | 03:55 elapsed, 06:04 remaining |███▉      | 03:55 elapsed, 06:04 remaining |████      | 04:00 elapsed, 05:59 remaining |████      | 04:00 elapsed, 05:59 remaining |████      | 04:05 elapsed, 05:54 remaining |████      | 04:05 elapsed, 05:54 remaining |████▏     | 04:10 elapsed, 05:49 remaining |████▏     | 04:10 elapsed, 05:49 remaining |████▎     | 04:15 elapsed, 05:44 remaining |████▎     | 04:15 elapsed, 05:44 remaining |████▎     | 04:20 elapsed, 05:39 remaining |████▎     | 04:20 elapsed, 05:39 remaining |████▍     | 04:25 elapsed, 05:34 remaining |████▍     | 04:25 elapsed, 05:34 remaining |████▌     | 04:30 elapsed, 05:29 remaining |████▌     | 04:30 elapsed, 05:29 remaining |████▌     | 04:35 elapsed, 05:24 remaining |████▌     | 04:35 elapsed, 05:24 remaining |████▋     | 04:40 elapsed, 05:19 remaining |████▋     | 04:40 elapsed, 05:19 remaining |████▊     | 04:45 elapsed, 05:14 remaining |████▊     | 04:45 elapsed, 05:14 remaining |████▊     | 04:50 elapsed, 05:09 remaining |████▊     | 04:50 elapsed, 05:09 remaining |████▉     | 04:55 elapsed, 05:04 remaining |████▉     | 04:55 elapsed, 05:04 remaining |█████     | 05:00 elapsed, 04:59 remaining |█████     | 05:00 elapsed, 04:59 remaining |█████     | 05:05 elapsed, 04:54 remaining |█████     | 05:05 elapsed, 04:54 remaining |█████▏    | 05:10 elapsed, 04:49 remaining |█████▏    | 05:10 elapsed, 04:49 remaining |█████▎    | 05:15 elapsed, 04:44 remaining |█████▎    | 05:15 elapsed, 04:44 remaining |█████▎    | 05:20 elapsed, 04:39 remaining |█████▎    | 05:20 elapsed, 04:39 remaining |█████▍    | 05:25 elapsed, 04:34 remaining |█████▍    | 05:25 elapsed, 04:34 remaining |█████▌    | 05:30 elapsed, 04:29 remaining |█████▌    | 05:30 elapsed, 04:29 remaining |█████▌    | 05:35 elapsed, 04:24 remaining |█████▌    | 05:35 elapsed, 04:24 remaining |█████▋    | 05:40 elapsed, 04:19 remaining |█████▋    | 05:40 elapsed, 04:19 remaining |█████▊    | 05:45 elapsed, 04:14 remaining |█████▊    | 05:45 elapsed, 04:14 remaining |█████▊    | 05:50 elapsed, 04:09 remaining |█████▊    | 05:50 elapsed, 04:09 remaining |█████▉    | 05:55 elapsed, 04:04 remaining |█████▉    | 05:55 elapsed, 04:04 remaining |██████    | 06:00 elapsed, 03:59 remaining |██████    | 06:00 elapsed, 03:59 remaining |██████    | 06:05 elapsed, 03:54 remaining |██████    | 06:05 elapsed, 03:54 remaining |██████▏   | 06:10 elapsed, 03:49 remaining |██████▏   | 06:10 elapsed, 03:49 remaining |██████▎   | 06:15 elapsed, 03:44 remaining |██████▎   | 06:15 elapsed, 03:44 remaining |██████▎   | 06:20 elapsed, 03:39 remaining |██████▎   | 06:20 elapsed, 03:39 remaining |██████▍   | 06:25 elapsed, 03:34 remaining |██████▍   | 06:25 elapsed, 03:34 remaining |██████▌   | 06:30 elapsed, 03:29 remaining |██████▌   | 06:30 elapsed, 03:29 remaining |██████▌   | 06:35 elapsed, 03:24 remaining |██████▌   | 06:35 elapsed, 03:24 remaining |██████▋   | 06:40 elapsed, 03:19 remaining |██████▋   | 06:40 elapsed, 03:19 remaining |██████▊   | 06:45 elapsed, 03:14 remaining |██████▊   | 06:45 elapsed, 03:14 remaining |██████▊   | 06:50 elapsed, 03:09 remaining |██████▊   | 06:50 elapsed, 03:09 remaining |██████▉   | 06:55 elapsed, 03:04 remaining |██████▉   | 06:55 elapsed, 03:04 remaining |███████   | 07:00 elapsed, 02:59 remaining |███████   | 07:00 elapsed, 02:59 remaining |███████   | 07:05 elapsed, 02:54 remaining |███████   | 07:05 elapsed, 02:54 remaining |███████▏  | 07:10 elapsed, 02:49 remaining |███████▏  | 07:10 elapsed, 02:49 remaining |███████▎  | 07:15 elapsed, 02:44 remaining |███████▎  | 07:15 elapsed, 02:44 remaining |███████▎  | 07:20 elapsed, 02:39 remaining |███████▎  | 07:20 elapsed, 02:39 remaining |███████▍  | 07:25 elapsed, 02:34 remaining |███████▍  | 07:25 elapsed, 02:34 remaining |███████▌  | 07:30 elapsed, 02:29 remaining |███████▌  | 07:30 elapsed, 02:29 remaining |███████▌  | 07:35 elapsed, 02:24 remaining |███████▌  | 07:35 elapsed, 02:24 remaining |███████▋  | 07:40 elapsed, 02:19 remaining |███████▋  | 07:40 elapsed, 02:19 remaining |███████▊  | 07:45 elapsed, 02:14 remaining |███████▊  | 07:45 elapsed, 02:14 remaining |███████▊  | 07:50 elapsed, 02:09 remaining |███████▊  | 07:50 elapsed, 02:09 remaining |███████▉  | 07:55 elapsed, 02:04 remaining |███████▉  | 07:55 elapsed, 02:04 remaining |████████  | 08:00 elapsed, 01:59 remaining |████████  | 08:00 elapsed, 01:59 remaining |████████  | 08:05 elapsed, 01:54 remaining |████████  | 08:05 elapsed, 01:54 remaining |████████▏ | 08:10 elapsed, 01:49 remaining |████████▏ | 08:10 elapsed, 01:49 remaining |████████▎ | 08:15 elapsed, 01:44 remaining |████████▎ | 08:15 elapsed, 01:44 remaining |████████▎ | 08:20 elapsed, 01:39 remaining |████████▎ | 08:20 elapsed, 01:39 remaining |████████▍ | 08:25 elapsed, 01:34 remaining |████████▍ | 08:25 elapsed, 01:34 remaining |████████▌ | 08:30 elapsed, 01:29 remaining |████████▌ | 08:30 elapsed, 01:29 remaining |████████▌ | 08:35 elapsed, 01:24 remaining |████████▌ | 08:35 elapsed, 01:24 remaining |████████▋ | 08:40 elapsed, 01:19 remaining |████████▋ | 08:40 elapsed, 01:19 remaining |████████▊ | 08:45 elapsed, 01:14 remaining |████████▊ | 08:45 elapsed, 01:14 remaining |████████▊ | 08:50 elapsed, 01:09 remaining |████████▊ | 08:50 elapsed, 01:09 remaining |████████▉ | 08:55 elapsed, 01:04 remaining |████████▉ | 08:55 elapsed, 01:04 remaining |█████████ | 09:00 elapsed, 00:59 remaining |█████████ | 09:00 elapsed, 00:59 remaining |█████████ | 09:05 elapsed, 00:54 remaining |█████████ | 09:05 elapsed, 00:54 remaining |█████████▏| 09:10 elapsed, 00:49 remaining |█████████▏| 09:10 elapsed, 00:49 remaining |█████████▎| 09:15 elapsed, 00:44 remaining |█████████▎| 09:15 elapsed, 00:44 remaining |█████████▎| 09:20 elapsed, 00:39 remaining |█████████▎| 09:20 elapsed, 00:39 remaining |█████████▍| 09:25 elapsed, 00:34 remaining |█████████▍| 09:25 elapsed, 00:34 remaining |█████████▌| 09:30 elapsed, 00:29 remaining |█████████▌| 09:30 elapsed, 00:29 remaining |█████████▌| 09:35 elapsed, 00:24 remaining |█████████▌| 09:35 elapsed, 00:24 remaining |█████████▋| 09:40 elapsed, 00:19 remaining |█████████▋| 09:40 elapsed, 00:19 remaining |█████████▊| 09:45 elapsed, 00:14 remaining |█████████▊| 09:45 elapsed, 00:14 remaining |█████████▊| 09:50 elapsed, 00:09 remaining |█████████▊| 09:50 elapsed, 00:09 remaining |█████████▉| 09:55 elapsed, 00:04 remaining |█████████▉| 09:55 elapsed, 00:04 remaining |██████████| 10:00 elapsed, 00:00 remaining |██████████| 10:00 elapsed, 00:00 remaining |██████████| 10:00 elapsed, 00:00 remaining
Traceback (most recent call last):
  File "/home/ubuntu/pdd/.venv/bin/vllm", line 10, in <module>
    sys.exit(main())
             ^^^^^^
  File "/home/ubuntu/pdd/vllm/vllm/entrypoints/cli/main.py", line 73, in main
    args.dispatch_function(args)
  File "/home/ubuntu/pdd/vllm/vllm/entrypoints/cli/benchmark/serve.py", line 21, in cmd
    main(args)
  File "/home/ubuntu/pdd/vllm/vllm/benchmarks/serve.py", line 1290, in main
    return asyncio.run(main_async(args))
           ^^^^^^^^^^^^^^^^^^^^^^^^^^^^^
  File "/usr/local/lib/python3.12/asyncio/runners.py", line 195, in run
    return runner.run(main)
           ^^^^^^^^^^^^^^^^
  File "/usr/local/lib/python3.12/asyncio/runners.py", line 118, in run
    return self._loop.run_until_complete(task)
           ^^^^^^^^^^^^^^^^^^^^^^^^^^^^^^^^^^^
  File "/usr/local/lib/python3.12/asyncio/base_events.py", line 691, in run_until_complete
    return future.result()
           ^^^^^^^^^^^^^^^
  File "/home/ubuntu/pdd/vllm/vllm/benchmarks/serve.py", line 1404, in main_async
    benchmark_result = await benchmark(
                       ^^^^^^^^^^^^^^^^
  File "/home/ubuntu/pdd/vllm/vllm/benchmarks/serve.py", line 565, in benchmark
    raise ValueError(
ValueError: Initial test run failed - Please make sure benchmark arguments are correctly specified. Error: Traceback (most recent call last):
  File "/home/ubuntu/pdd/.venv/lib/python3.12/site-packages/aiohttp/connector.py", line 1268, in _wrap_create_connection
    sock = await aiohappyeyeballs.start_connection(
           ^^^^^^^^^^^^^^^^^^^^^^^^^^^^^^^^^^^^^^^^
  File "/home/ubuntu/pdd/.venv/lib/python3.12/site-packages/aiohappyeyeballs/impl.py", line 122, in start_connection
    raise first_exception
  File "/home/ubuntu/pdd/.venv/lib/python3.12/site-packages/aiohappyeyeballs/impl.py", line 73, in start_connection
    sock = await _connect_sock(
           ^^^^^^^^^^^^^^^^^^^^
  File "/home/ubuntu/pdd/.venv/lib/python3.12/site-packages/aiohappyeyeballs/impl.py", line 208, in _connect_sock
    await loop.sock_connect(sock, address)
  File "/usr/local/lib/python3.12/asyncio/selector_events.py", line 651, in sock_connect
    return await fut
           ^^^^^^^^^
  File "/usr/local/lib/python3.12/asyncio/selector_events.py", line 691, in _sock_connect_cb
    raise OSError(err, f'Connect call failed {address}')
ConnectionRefusedError: [Errno 111] Connect call failed ('127.0.0.1', 8000)

The above exception was the direct cause of the following exception:

Traceback (most recent call last):
  File "/home/ubuntu/pdd/vllm/vllm/benchmarks/lib/endpoint_request_func.py", line 187, in async_request_openai_completions
    async with session.post(url=api_url, json=payload, headers=headers) as response:
               ^^^^^^^^^^^^^^^^^^^^^^^^^^^^^^^^^^^^^^^^^^^^^^^^^^^^^^^^
  File "/home/ubuntu/pdd/.venv/lib/python3.12/site-packages/aiohttp/client.py", line 1517, in __aenter__
    self._resp: _RetType = await self._coro
                           ^^^^^^^^^^^^^^^^
  File "/home/ubuntu/pdd/.venv/lib/python3.12/site-packages/aiohttp/client.py", line 786, in _request
    resp = await handler(req)
           ^^^^^^^^^^^^^^^^^^
  File "/home/ubuntu/pdd/.venv/lib/python3.12/site-packages/aiohttp/client.py", line 741, in _connect_and_send_request
    conn = await self._connector.connect(
           ^^^^^^^^^^^^^^^^^^^^^^^^^^^^^^
  File "/home/ubuntu/pdd/.venv/lib/python3.12/site-packages/aiohttp/connector.py", line 642, in connect
    proto = await self._create_connection(req, traces, timeout)
            ^^^^^^^^^^^^^^^^^^^^^^^^^^^^^^^^^^^^^^^^^^^^^^^^^^^
  File "/home/ubuntu/pdd/.venv/lib/python3.12/site-packages/aiohttp/connector.py", line 1209, in _create_connection
    _, proto = await self._create_direct_connection(req, traces, timeout)
               ^^^^^^^^^^^^^^^^^^^^^^^^^^^^^^^^^^^^^^^^^^^^^^^^^^^^^^^^^^
  File "/home/ubuntu/pdd/.venv/lib/python3.12/site-packages/aiohttp/connector.py", line 1581, in _create_direct_connection
    raise last_exc
  File "/home/ubuntu/pdd/.venv/lib/python3.12/site-packages/aiohttp/connector.py", line 1550, in _create_direct_connection
    transp, proto = await self._wrap_create_connection(
                    ^^^^^^^^^^^^^^^^^^^^^^^^^^^^^^^^^^^
  File "/home/ubuntu/pdd/.venv/lib/python3.12/site-packages/aiohttp/connector.py", line 1291, in _wrap_create_connection
    raise client_error(req.connection_key, exc) from exc
aiohttp.client_exceptions.ClientConnectorError: Cannot connect to host 127.0.0.1:8000 ssl:default [Connect call failed ('127.0.0.1', 8000)]

